[akamishra.github.io/akash.mishra2.github.io/index.html]
[assets.adobedtm.com/ee2879bff7d5/1c541fa7c847/launch-0f85c087132e-development.min.js]
[backblue.gif]
[fade.gif]
[index.html]
[maxcdn.bootstrapcdn.com/bootstrap/3.3.7/css/bootstrap.min.css]
[ajax.googleapis.com/ajax/libs/jquery/3.1.1/jquery.min.js]
[maxcdn.bootstrapcdn.com/bootstrap/3.3.7/js/bootstrap.min.js]
[cdnjs.cloudflare.com/ajax/libs/font-awesome/4.7.0/css/font-awesome.min.css]
[nexus.ensighten.com/eclerx/Akash/Bootstrap.js]
[user-images.githubusercontent.com/34577873/43033510-24d8f684-8cd4-11e8-9b07-d22248354f59.png]
[akamishra.github.io/akash.mishra2.github.io/at1.js]
[code.jquery.com/jquery-1.10.2.js]
[akamishra.github.io/akash.mishra2.github.io/css/bootstrap.min.css]
[use.fontawesome.com/releases/v5.11.2/css/all.css]
[akamishra.github.io/akash.mishra2.github.io/css/mdb.min.css]
[akamishra.github.io/akash.mishra2.github.io/css/style.css]
[akamishra.github.io/akash.mishra2.github.io/img/logo.jpg]
[akamishra.github.io/akash.mishra2.github.io/index-2.html]
[akamishra.github.io/akash.mishra2.github.io/services.html]
[akamishra.github.io/akash.mishra2.github.io/about.html]
[akamishra.github.io/akash.mishra2.github.io/feedback.html]
[akamishra.github.io/akash.mishra2.github.io/contact.html]
[akamishra.github.io/akash.mishra2.github.io/img/gymsli1.jpg]
[akamishra.github.io/akash.mishra2.github.io/img/gymsli2.jpg]
[akamishra.github.io/akash.mishra2.github.io/img/gymsli3.jpg]
[akamishra.github.io/akash.mishra2.github.io/img/bpg.jpg]
[akamishra.github.io/akash.mishra2.github.io/index.html]
[akamishra.github.io/helpers/getObjectProperty.18.delayed]
[akamishra.github.io/akash.mishra2.github.io/get]
[assets.adobedtm.com/ee2879bff7d5/1c541fa7c847/launch-0f85c087132e-development.min.js]
[www.googletagmanager.com/gtm5445.html]
[maxcdn.bootstrapcdn.com/bootstrap/3.3.7/css/bootstrap.min.css]
[cdnjs.cloudflare.com/ajax/libs/font-awesome/4.7.0/css/font-awesome.min.css]
[use.fontawesome.com/releases/v5.11.2/css/all.css]
[akamishra.github.io/akash.mishra2.github.io/css/bootstrap.min.html]
[akamishra.github.io/akash.mishra2.github.io/css/mdb.min.html]
[akamishra.github.io/akash.mishra2.github.io/css/style.html]
[akamishra.github.io/akash.mishra2.github.io/index-2.html]
[akamishra.github.io/akash.mishra2.github.io/Trident/index.html]
[akamishra.github.io/akash.mishra2.github.io/personaltraining.html]
[akamishra.github.io/akash.mishra2.github.io/img/Personal-Training.jpg]
[akamishra.github.io/akash.mishra2.github.io/pilates.html]
[akamishra.github.io/akash.mishra2.github.io/img/pilates.jpg]
[akamishra.github.io/akash.mishra2.github.io/yogaclass.html]
[akamishra.github.io/akash.mishra2.github.io/img/yogaclass.jpg]
[akamishra.github.io/akash.mishra2.github.io/dietician.html]
[akamishra.github.io/akash.mishra2.github.io/img/dieticiansupport.jpg]
[akamishra.github.io/akash.mishra2.github.io/cardio.html]
[akamishra.github.io/akash.mishra2.github.io/img/cardio.jpg]
[akamishra.github.io/akash.mishra2.github.io/steamroom.html]
[akamishra.github.io/akash.mishra2.github.io/img/Steam Room.jpg]
[akamishra.github.io/akash.mishra2.github.io/Basepack.html]
[akamishra.github.io/akash.mishra2.github.io/prempack.html]
[akamishra.github.io/akash.mishra2.github.io/img/mov_bbb.mp4]
[akamishra.github.io/akash.mishra2.github.io/mov_bbb.ogg]
[akamishra.github.io/akash.mishra2.github.io/services.html]
[akamishra.github.io/akash.mishra2.github.io/img/aboutus.jpg]
[akamishra.github.io/akash.mishra2.github.io/about.html]
[akamishra.github.io/akash.mishra2.github.io/success.html]
[akamishra.github.io/akash.mishra2.github.io/feedback.html]
[netdna.bootstrapcdn.com/bootstrap/3.1.0/css/bootstrap.min.css]
[netdna.bootstrapcdn.com/bootstrap/3.1.0/js/bootstrap.min.js]
[akamishra.github.io/akash.mishra2.github.io/contact.html]
[akamishra.github.io/helpers/getObjectProperty.html]
[akamishra.github.io/akash.mishra2.github.io/Trident/index.html]
[akamishra.github.io/akash.mishra2.github.io/get.html]
[akamishra.github.io/akash.mishra2.github.io/img/personaltrainerpg.jpg]
[akamishra.github.io/akash.mishra2.github.io/personaltraining.html]
[akamishra.github.io/akash.mishra2.github.io/pilates.html]
[akamishra.github.io/akash.mishra2.github.io/img/pilatespg.jpg]
[code.jquery.com/jquery-1.11.1.min.js]
[akamishra.github.io/akash.mishra2.github.io/img/yogpg.32.delayed]
[akamishra.github.io/akash.mishra2.github.io/yogaclass.html]
[akamishra.github.io/akash.mishra2.github.io/img/dieticianpg.jpg]
[akamishra.github.io/akash.mishra2.github.io/dietician.html]
[akamishra.github.io/akash.mishra2.github.io/img/cardiopg.jpg]
[akamishra.github.io/akash.mishra2.github.io/cardio.html]
[akamishra.github.io/akash.mishra2.github.io/img/steamroompg.jpg]
[akamishra.github.io/akash.mishra2.github.io/steamroom.html]
[akamishra.github.io/akash.mishra2.github.io/Basepack.html]
[akamishra.github.io/akash.mishra2.github.io/prempack.html]
[akamishra.github.io/akash.mishra2.github.io/mov_bbb.html]
[akamishra.github.io/akash.mishra2.github.io/success.html]
[netdna.bootstrapcdn.com/bootstrap/3.1.0/css/bootstrap.min.css]
[akamishra.github.io/akash.mishra2.github.io/img/yogpg.html]
[akamishra.github.io/akash.mishra2.github.io/img/steamroompg.html]
[abacustraining6.india.eclerx.com/s_code.js]
